<?xml version="1.0" encoding="utf-8"?><testsuites name="pytest tests"><testsuite name="pytest" errors="2" failures="0" skipped="0" tests="2" time="2.277" timestamp="2026-01-09T02:12:01.420608+00:00" hostname="runnervmi13qx"><testcase classname="" name="tests.test_cognitive_sovereign" time="0.000"><error message="collection failure">ImportError while importing test module '/home/runner/work/bizra_scaffold/bizra_scaffold/tests/test_cognitive_sovereign.py'.
Hint: make sure your test modules/packages have valid Python names.
Traceback:
/usr/lib/python3.12/importlib/__init__.py:90: in import_module
    return _bootstrap._gcd_import(name[level:], package, level)
           ^^^^^^^^^^^^^^^^^^^^^^^^^^^^^^^^^^^^^^^^^^^^^^^^^^^^
tests/test_cognitive_sovereign.py:22: in &lt;module&gt;
    import torch
E   ModuleNotFoundError: No module named 'torch'</error></testcase><testcase classname="" name="tests.test_graph_of_thoughts_integration" time="0.000"><error message="collection failure">ImportError while importing test module '/home/runner/work/bizra_scaffold/bizra_scaffold/tests/test_graph_of_thoughts_integration.py'.
Hint: make sure your test modules/packages have valid Python names.
Traceback:
/usr/lib/python3.12/importlib/__init__.py:90: in import_module
    return _bootstrap._gcd_import(name[level:], package, level)
           ^^^^^^^^^^^^^^^^^^^^^^^^^^^^^^^^^^^^^^^^^^^^^^^^^^^^
tests/test_graph_of_thoughts_integration.py:13: in &lt;module&gt;
    from core.enhanced_cognitive_integration import (
core/enhanced_cognitive_integration.py:33: in &lt;module&gt;
    from core.layers.memory_layers_v2 import L4SemanticHyperGraphV2
core/layers/memory_layers_v2.py:23: in &lt;module&gt;
    import faiss
E   ModuleNotFoundError: No module named 'faiss'</error></testcase></testsuite></testsuites>